Archive member included to satisfy reference by file (symbol)

c:/program files (x86)/gnu tools arm embedded/5.4 2016q3/bin/../lib/gcc/arm-none-eabi/5.4.1/../../../../arm-none-eabi/lib/armv7e-m/fpu\libc_nano.a(lib_a-exit.o)
                              c:/program files (x86)/gnu tools arm embedded/5.4 2016q3/bin/../lib/gcc/arm-none-eabi/5.4.1/../../../../arm-none-eabi/lib/armv7e-m/fpu/crt0.o (exit)
c:/program files (x86)/gnu tools arm embedded/5.4 2016q3/bin/../lib/gcc/arm-none-eabi/5.4.1/../../../../arm-none-eabi/lib/armv7e-m/fpu\libc_nano.a(lib_a-impure.o)
                              c:/program files (x86)/gnu tools arm embedded/5.4 2016q3/bin/../lib/gcc/arm-none-eabi/5.4.1/../../../../arm-none-eabi/lib/armv7e-m/fpu\libc_nano.a(lib_a-exit.o) (_global_impure_ptr)
c:/program files (x86)/gnu tools arm embedded/5.4 2016q3/bin/../lib/gcc/arm-none-eabi/5.4.1/../../../../arm-none-eabi/lib/armv7e-m/fpu\libc_nano.a(lib_a-init.o)
                              c:/program files (x86)/gnu tools arm embedded/5.4 2016q3/bin/../lib/gcc/arm-none-eabi/5.4.1/../../../../arm-none-eabi/lib/armv7e-m/fpu/crt0.o (__libc_init_array)
c:/program files (x86)/gnu tools arm embedded/5.4 2016q3/bin/../lib/gcc/arm-none-eabi/5.4.1/../../../../arm-none-eabi/lib/armv7e-m/fpu\libc_nano.a(lib_a-memset.o)
                              c:/program files (x86)/gnu tools arm embedded/5.4 2016q3/bin/../lib/gcc/arm-none-eabi/5.4.1/../../../../arm-none-eabi/lib/armv7e-m/fpu/crt0.o (memset)
c:/program files (x86)/gnu tools arm embedded/5.4 2016q3/bin/../lib/gcc/arm-none-eabi/5.4.1/../../../../arm-none-eabi/lib/armv7e-m/fpu\libnosys.a(_exit.o)
                              c:/program files (x86)/gnu tools arm embedded/5.4 2016q3/bin/../lib/gcc/arm-none-eabi/5.4.1/../../../../arm-none-eabi/lib/armv7e-m/fpu\libc_nano.a(lib_a-exit.o) (_exit)
c:/program files (x86)/gnu tools arm embedded/5.4 2016q3/bin/../lib/gcc/arm-none-eabi/5.4.1/../../../../arm-none-eabi/lib/armv7e-m/fpu\libc_nano.a(lib_a-memcpy-stub.o)
                              _build/nrf52832_xxaa_queue.c.o (memcpy)
c:/program files (x86)/gnu tools arm embedded/5.4 2016q3/bin/../lib/gcc/arm-none-eabi/5.4.1/../../../../arm-none-eabi/lib/armv7e-m/fpu\libc_nano.a(lib_a-strcpy.o)
                              _build/nrf52832_xxaa_SEGGER_RTT.c.o (strcpy)
c:/program files (x86)/gnu tools arm embedded/5.4 2016q3/bin/../lib/gcc/arm-none-eabi/5.4.1/../../../../arm-none-eabi/lib/armv7e-m/fpu\libc_nano.a(lib_a-strlen.o)
                              _build/nrf52832_xxaa_SEGGER_RTT.c.o (strlen)

Allocating common symbols
Common symbol       size              file

led_toggle_timer_handle
                    0x4               _build/nrf52832_xxaa_main.c.o
xQueueRegistry      0x10              _build/nrf52832_xxaa_queue.c.o
led_toggle_task_handle
                    0x4               _build/nrf52832_xxaa_main.c.o
_SEGGER_RTT         0x78              _build/nrf52832_xxaa_SEGGER_RTT.c.o

Discarded input sections

 .text          0x00000000        0x0 c:/program files (x86)/gnu tools arm embedded/5.4 2016q3/bin/../lib/gcc/arm-none-eabi/5.4.1/armv7e-m/fpu/crti.o
 .data          0x00000000        0x0 c:/program files (x86)/gnu tools arm embedded/5.4 2016q3/bin/../lib/gcc/arm-none-eabi/5.4.1/armv7e-m/fpu/crti.o
 .bss           0x00000000        0x0 c:/program files (x86)/gnu tools arm embedded/5.4 2016q3/bin/../lib/gcc/arm-none-eabi/5.4.1/armv7e-m/fpu/crti.o
 .data          0x00000000        0x4 c:/program files (x86)/gnu tools arm embedded/5.4 2016q3/bin/../lib/gcc/arm-none-eabi/5.4.1/armv7e-m/fpu/crtbegin.o
 .data          0x00000000        0x0 c:/program files (x86)/gnu tools arm embedded/5.4 2016q3/bin/../lib/gcc/arm-none-eabi/5.4.1/../../../../arm-none-eabi/lib/armv7e-m/fpu/crt0.o
 .bss           0x00000000        0x0 c:/program files (x86)/gnu tools arm embedded/5.4 2016q3/bin/../lib/gcc/arm-none-eabi/5.4.1/../../../../arm-none-eabi/lib/armv7e-m/fpu/crt0.o
 .ARM.extab     0x00000000        0x0 c:/program files (x86)/gnu tools arm embedded/5.4 2016q3/bin/../lib/gcc/arm-none-eabi/5.4.1/../../../../arm-none-eabi/lib/armv7e-m/fpu/crt0.o
 .text          0x00000000        0x0 c:/program files (x86)/gnu tools arm embedded/5.4 2016q3/bin/../lib/gcc/arm-none-eabi/5.4.1/../../../../arm-none-eabi/lib/armv7e-m/fpu\libc_nano.a(lib_a-exit.o)
 .data          0x00000000        0x0 c:/program files (x86)/gnu tools arm embedded/5.4 2016q3/bin/../lib/gcc/arm-none-eabi/5.4.1/../../../../arm-none-eabi/lib/armv7e-m/fpu\libc_nano.a(lib_a-exit.o)
 .bss           0x00000000        0x0 c:/program files (x86)/gnu tools arm embedded/5.4 2016q3/bin/../lib/gcc/arm-none-eabi/5.4.1/../../../../arm-none-eabi/lib/armv7e-m/fpu\libc_nano.a(lib_a-exit.o)
 .text          0x00000000        0x0 c:/program files (x86)/gnu tools arm embedded/5.4 2016q3/bin/../lib/gcc/arm-none-eabi/5.4.1/../../../../arm-none-eabi/lib/armv7e-m/fpu\libc_nano.a(lib_a-impure.o)
[...]
Memory Configuration

Name             Origin             Length             Attributes
FLASH            0x00000000         0x00080000         xr
RAM              0x20000000         0x00010000         xrw
*default*        0x00000000         0xffffffff

Linker script and memory map


.text           0x00000000     0x2f48
 *(.isr_vector)
 .isr_vector    0x00000000      0x400 _build/nrf52832_xxaa_gcc_startup_nrf52.S.o
                0x00000000                __isr_vector
 *(.text*)
 .text          0x00000400       0x5c c:/program files (x86)/gnu tools arm embedded/5.4 2016q3/bin/../lib/gcc/arm-none-eabi/5.4.1/armv7e-m/fpu/crtbegin.o
 .text          0x0000045c       0x74 c:/program files (x86)/gnu tools arm embedded/5.4 2016q3/bin/../lib/gcc/arm-none-eabi/5.4.1/../../../../arm-none-eabi/lib/armv7e-m/fpu/crt0.o
                0x0000045c                _start
                0x0000045c                _mainCRTStartup
 .text.exit     0x000004d0       0x28 c:/program files (x86)/gnu tools arm embedded/5.4 2016q3/bin/../lib/gcc/arm-none-eabi/5.4.1/../../../../arm-none-eabi/lib/armv7e-m/fpu\libc_nano.a(lib_a-exit.o)
                0x000004d0                exit
 .text.__libc_init_array
                0x000004f8       0x4c c:/program files (x86)/gnu tools arm embedded/5.4 2016q3/bin/../lib/gcc/arm-none-eabi/5.4.1/../../../../arm-none-eabi/lib/armv7e-m/fpu\libc_nano.a(lib_a-init.o)
                0x000004f8                __libc_init_array
 .text.memset   0x00000544       0x10 c:/program files (x86)/gnu tools arm embedded/5.4 2016q3/bin/../lib/gcc/arm-none-eabi/5.4.1/../../../../arm-none-eabi/lib/armv7e-m/fpu\libc_nano.a(lib_a-memset.o)
                0x00000544                memset
 .text._exit    0x00000554        0x4 c:/program files (x86)/gnu tools arm embedded/5.4 2016q3/bin/../lib/gcc/arm-none-eabi/5.4.1/../../../../arm-none-eabi/lib/armv7e-m/fpu\libnosys.a(_exit.o)
                0x00000554                _exit
 .text.app_error_handler_bare
                0x00000558       0x20 _build/nrf52832_xxaa_app_error.c.o
                0x00000558                app_error_handler_bare
 .text.app_error_fault_handler
                0x00000578       0x24 _build/nrf52832_xxaa_app_error_weak.c.o
                0x00000578                app_error_fault_handler
 .text.app_util_critical_region_enter
                0x0000059c       0x10 _build/nrf52832_xxaa_app_util_platform.c.o
                0x0000059c                app_util_critical_region_enter
 .text.app_util_critical_region_exit
                0x000005ac       0x14 _build/nrf52832_xxaa_app_util_platform.c.o
                0x000005ac                app_util_critical_region_exit
 .text.pvPortMalloc
                0x000005c0       0x58 _build/nrf52832_xxaa_heap_1.c.o
                0x000005c0                pvPortMalloc
 .text.vPortFree
                0x00000618        0x4 _build/nrf52832_xxaa_heap_1.c.o
                0x00000618                vPortFree
 .text.vListInitialise
                0x0000061c       0x18 _build/nrf52832_xxaa_list.c.o
                0x0000061c                vListInitialise
 .text.vListInitialiseItem
                0x00000634        0x8 _build/nrf52832_xxaa_list.c.o
                0x00000634                vListInitialiseItem
 .text.vListInsertEnd
                0x0000063c       0x18 _build/nrf52832_xxaa_list.c.o
                0x0000063c                vListInsertEnd
 .text.vListInsert
                0x00000654       0x34 _build/nrf52832_xxaa_list.c.o
                0x00000654                vListInsert
 .text.uxListRemove
                0x00000688       0x24 _build/nrf52832_xxaa_list.c.o
                0x00000688                uxListRemove
 .text.vPortStartFirstTask
                0x000006ac       0x1c _build/nrf52832_xxaa_port.c.o
                0x000006ac                vPortStartFirstTask
 .text.SVC_Handler
                0x000006c8       0x20 _build/nrf52832_xxaa_port.c.o
                0x000006c8                SVC_Handler
 .text.PendSV_Handler
                0x000006e8       0x60 _build/nrf52832_xxaa_port.c.o
                0x000006e8                PendSV_Handler
 .text.prvTaskExitError
                0x00000748        0x8 _build/nrf52832_xxaa_port_cmsis.c.o
 .text.pxPortInitialiseStack
                0x00000750       0x2c _build/nrf52832_xxaa_port_cmsis.c.o
                0x00000750                pxPortInitialiseStack
 .text.xPortStartScheduler
                0x0000077c       0x4c _build/nrf52832_xxaa_port_cmsis.c.o
                0x0000077c                xPortStartScheduler
 .text.vPortEnterCritical
                0x000007c8       0x14 _build/nrf52832_xxaa_port_cmsis.c.o
                0x000007c8                vPortEnterCritical
 .text.vPortExitCritical
                0x000007dc       0x14 _build/nrf52832_xxaa_port_cmsis.c.o
                0x000007dc                vPortExitCritical
 .text.RTC1_IRQHandler
                0x000007f0       0x4c _build/nrf52832_xxaa_port_cmsis_systick.c.o
                0x000007f0                RTC1_IRQHandler
 .text.vPortSetupTimerInterrupt
                0x0000083c       0x38 _build/nrf52832_xxaa_port_cmsis_systick.c.o
                0x0000083c                vPortSetupTimerInterrupt
 .text.vPortSuppressTicksAndSleep
                0x00000874       0xc8 _build/nrf52832_xxaa_port_cmsis_systick.c.o
                0x00000874                vPortSuppressTicksAndSleep
 .text.xQueueGenericCreate
                0x0000093c       0x70 _build/nrf52832_xxaa_queue.c.o
                0x0000093c                xQueueGenericCreate
 .text.xQueueGenericSend
                0x000009ac      0x318 _build/nrf52832_xxaa_queue.c.o
                0x000009ac                xQueueGenericSend
 .text.xQueueGenericSendFromISR
                0x00000cc4       0xe8 _build/nrf52832_xxaa_queue.c.o
                0x00000cc4                xQueueGenericSendFromISR
 .text.xQueueGenericReceive
                0x00000dac      0x2e0 _build/nrf52832_xxaa_queue.c.o
                0x00000dac                xQueueGenericReceive
 .text.vQueueAddToRegistry
                0x0000108c       0x24 _build/nrf52832_xxaa_queue.c.o
                0x0000108c                vQueueAddToRegistry
 .text.vQueueWaitForMessageRestricted
                0x000010b0       0xb0 _build/nrf52832_xxaa_queue.c.o
                0x000010b0                vQueueWaitForMessageRestricted
 .text.xTaskGenericCreate
                0x00001160      0x1e8 _build/nrf52832_xxaa_tasks.c.o
                0x00001160                xTaskGenericCreate
 .text.vTaskStartScheduler
                0x00001348      0x19c _build/nrf52832_xxaa_tasks.c.o
                0x00001348                vTaskStartScheduler
 .text.vTaskSuspendAll
                0x000014e4       0x10 _build/nrf52832_xxaa_tasks.c.o
                0x000014e4                vTaskSuspendAll
 .text.xTaskGetTickCount
                0x000014f4        0xc _build/nrf52832_xxaa_tasks.c.o
                0x000014f4                xTaskGetTickCount
 .text.vTaskStepTick
                0x00001500       0x10 _build/nrf52832_xxaa_tasks.c.o
                0x00001500                vTaskStepTick
 .text.xTaskIncrementTick
                0x00001510      0x124 _build/nrf52832_xxaa_tasks.c.o
                0x00001510                xTaskIncrementTick
 .text.xTaskResumeAll
                0x00001634       0xf4 _build/nrf52832_xxaa_tasks.c.o
                0x00001634                xTaskResumeAll
 .text.vTaskDelay
                0x00001728       0xa0 _build/nrf52832_xxaa_tasks.c.o
                0x00001728                vTaskDelay
 .text.prvIdleTask
                0x000017c8       0xf8 _build/nrf52832_xxaa_tasks.c.o
 .text.vTaskSwitchContext
                0x000018c0       0x58 _build/nrf52832_xxaa_tasks.c.o
                0x000018c0                vTaskSwitchContext
 .text.vTaskPlaceOnEventList
                0x00001918       0x94 _build/nrf52832_xxaa_tasks.c.o
                0x00001918                vTaskPlaceOnEventList
 .text.vTaskPlaceOnEventListRestricted
                0x000019ac       0x80 _build/nrf52832_xxaa_tasks.c.o
                0x000019ac                vTaskPlaceOnEventListRestricted
 .text.xTaskRemoveFromEventList
                0x00001a2c       0xa0 _build/nrf52832_xxaa_tasks.c.o
                0x00001a2c                xTaskRemoveFromEventList
 .text.vTaskSetTimeOutState
                0x00001acc       0x18 _build/nrf52832_xxaa_tasks.c.o
                0x00001acc                vTaskSetTimeOutState
 .text.xTaskCheckForTimeOut
                0x00001ae4       0x60 _build/nrf52832_xxaa_tasks.c.o
                0x00001ae4                xTaskCheckForTimeOut
 .text.vTaskMissedYield
                0x00001b44        0xc _build/nrf52832_xxaa_tasks.c.o
                0x00001b44                vTaskMissedYield
 .text.eTaskConfirmSleepModeStatus
                0x00001b50       0x20 _build/nrf52832_xxaa_tasks.c.o
                0x00001b50                eTaskConfirmSleepModeStatus
 .text.xTaskGetSchedulerState
                0x00001b70       0x20 _build/nrf52832_xxaa_tasks.c.o
                0x00001b70                xTaskGetSchedulerState
 .text.vTaskPriorityInherit
                0x00001b90       0x9c _build/nrf52832_xxaa_tasks.c.o
                0x00001b90                vTaskPriorityInherit
 .text.xTaskPriorityDisinherit
                0x00001c2c       0x84 _build/nrf52832_xxaa_tasks.c.o
                0x00001c2c                xTaskPriorityDisinherit
 .text.pvTaskIncrementMutexHeldCount
                0x00001cb0       0x18 _build/nrf52832_xxaa_tasks.c.o
                0x00001cb0                pvTaskIncrementMutexHeldCount
 .text.xTimerCreateTimerTask
                0x00001cc8       0x88 _build/nrf52832_xxaa_timers.c.o
                0x00001cc8                xTimerCreateTimerTask
 .text.xTimerCreate
                0x00001d50       0xa8 _build/nrf52832_xxaa_timers.c.o
                0x00001d50                xTimerCreate
 .text.xTimerGenericCommand
                0x00001df8       0x58 _build/nrf52832_xxaa_timers.c.o
                0x00001df8                xTimerGenericCommand
 .text.prvTimerTask
                0x00001e50      0x2c8 _build/nrf52832_xxaa_timers.c.o
 .text.bsp_board_leds_off
                0x00002118       0x2c _build/nrf52832_xxaa_boards.c.o
                0x00002118                bsp_board_leds_off
 .text.bsp_board_led_invert
                0x00002144       0x28 _build/nrf52832_xxaa_boards.c.o
                0x00002144                bsp_board_led_invert
 .text.bsp_board_leds_init
                0x0000216c       0x3c _build/nrf52832_xxaa_boards.c.o
                0x0000216c                bsp_board_leds_init
 .text.nrf_drv_clock_init
                0x000021a8       0x40 _build/nrf52832_xxaa_nrf_drv_clock.c.o
                0x000021a8                nrf_drv_clock_init
 .text.nrf_drv_clock_lfclk_request
                0x000021e8       0x7c _build/nrf52832_xxaa_nrf_drv_clock.c.o
                0x000021e8                nrf_drv_clock_lfclk_request
 .text.POWER_CLOCK_IRQHandler
                0x00002264       0x78 _build/nrf52832_xxaa_nrf_drv_clock.c.o
                0x00002264                POWER_CLOCK_IRQHandler
 .text.nrf_drv_common_irq_enable
                0x000022dc       0x50 _build/nrf52832_xxaa_nrf_drv_common.c.o
                0x000022dc                nrf_drv_common_irq_enable
 .text.GPIOTE_IRQHandler
                0x0000232c      0x4f4 _build/nrf52832_xxaa_nrf_drv_gpiote.c.o
                0x0000232c                GPIOTE_IRQHandler
 .text.UARTE0_UART0_IRQHandler
                0x00002820      0x2fc _build/nrf52832_xxaa_nrf_drv_uart.c.o
                0x00002820                UARTE0_UART0_IRQHandler
 .text.led_toggle_timer_callback
                0x00002b1c        0x8 _build/nrf52832_xxaa_main.c.o
 .text.led_toggle_task_function
                0x00002b24       0x10 _build/nrf52832_xxaa_main.c.o
 .text.startup.main
                0x00002b34       0x8c _build/nrf52832_xxaa_main.c.o
                0x00002b34                main
 .text          0x00002bc0       0x3c _build/nrf52832_xxaa_gcc_startup_nrf52.S.o
                0x00002bc0                Reset_Handler
                0x00002be8                NMI_Handler
                0x00002bea                HardFault_Handler
                0x00002bec                MemoryManagement_Handler
                0x00002bee                BusFault_Handler
                0x00002bf0                UsageFault_Handler
                0x00002bf4                DebugMon_Handler
                0x00002bf8                SysTick_Handler
                0x00002bfa                RADIO_IRQHandler
                0x00002bfa                PDM_IRQHandler
                0x00002bfa                TEMP_IRQHandler
                0x00002bfa                RTC0_IRQHandler
                0x00002bfa                PWM1_IRQHandler
                0x00002bfa                TIMER3_IRQHandler
                0x00002bfa                FPU_IRQHandler
                0x00002bfa                SPIM0_SPIS0_TWIM0_TWIS0_SPI0_TWI0_IRQHandler
                0x00002bfa                SWI2_EGU2_IRQHandler
                0x00002bfa                TIMER4_IRQHandler
                0x00002bfa                I2S_IRQHandler
                0x00002bfa                SWI4_EGU4_IRQHandler
                0x00002bfa                QDEC_IRQHandler
                0x00002bfa                TIMER2_IRQHandler
                0x00002bfa                TIMER1_IRQHandler
                0x00002bfa                PWM2_IRQHandler
                0x00002bfa                ECB_IRQHandler
                0x00002bfa                SPIM1_SPIS1_TWIM1_TWIS1_SPI1_TWI1_IRQHandler
                0x00002bfa                Default_Handler
                0x00002bfa                SAADC_IRQHandler
                0x00002bfa                CCM_AAR_IRQHandler
                0x00002bfa                WDT_IRQHandler
                0x00002bfa                SWI5_EGU5_IRQHandler
                0x00002bfa                RNG_IRQHandler
                0x00002bfa                RTC2_IRQHandler
                0x00002bfa                PWM0_IRQHandler
                0x00002bfa                SWI3_EGU3_IRQHandler
                0x00002bfa                SWI1_EGU1_IRQHandler
                0x00002bfa                SPIM2_SPIS2_SPI2_IRQHandler
                0x00002bfa                NFCT_IRQHandler
                0x00002bfa                SWI0_EGU0_IRQHandler
                0x00002bfa                MWU_IRQHandler
                0x00002bfa                TIMER0_IRQHandler
                0x00002bfa                COMP_LPCOMP_IRQHandler
 .text.SystemInit
                0x00002bfc      0x2f0 _build/nrf52832_xxaa_system_nrf52.c.o
                0x00002bfc                SystemInit
 .text.memcpy   0x00002eec       0x16 c:/program files (x86)/gnu tools arm embedded/5.4 2016q3/bin/../lib/gcc/arm-none-eabi/5.4.1/../../../../arm-none-eabi/lib/armv7e-m/fpu\libc_nano.a(lib_a-memcpy-stub.o)
                0x00002eec                memcpy
 *(.init)
 *fill*         0x00002f02        0x2 
 .init          0x00002f04        0x4 c:/program files (x86)/gnu tools arm embedded/5.4 2016q3/bin/../lib/gcc/arm-none-eabi/5.4.1/armv7e-m/fpu/crti.o
                0x00002f04                _init
 .init          0x00002f08        0x8 c:/program files (x86)/gnu tools arm embedded/5.4 2016q3/bin/../lib/gcc/arm-none-eabi/5.4.1/armv7e-m/fpu/crtn.o
 *(.fini)
 .fini          0x00002f10        0x4 c:/program files (x86)/gnu tools arm embedded/5.4 2016q3/bin/../lib/gcc/arm-none-eabi/5.4.1/armv7e-m/fpu/crti.o
                0x00002f10                _fini
 .fini          0x00002f14        0x8 c:/program files (x86)/gnu tools arm embedded/5.4 2016q3/bin/../lib/gcc/arm-none-eabi/5.4.1/armv7e-m/fpu/crtn.o
 *crtbegin.o(.ctors)
 *crtbegin?.o(.ctors)
 *(EXCLUDE_FILE(*crtend.o *crtend?.o) .ctors)
 *(SORT(.ctors.*))
 *(.ctors)
 *crtbegin.o(.dtors)
 *crtbegin?.o(.dtors)
 *(EXCLUDE_FILE(*crtend.o *crtend?.o) .dtors)
 *(SORT(.dtors.*))
 *(.dtors)
 *(.rodata*)
 .rodata._global_impure_ptr
                0x00002f1c        0x4 c:/program files (x86)/gnu tools arm embedded/5.4 2016q3/bin/../lib/gcc/arm-none-eabi/5.4.1/../../../../arm-none-eabi/lib/armv7e-m/fpu\libc_nano.a(lib_a-impure.o)
                0x00002f1c                _global_impure_ptr
 .rodata.str1.4
                0x00002f20       0x10 _build/nrf52832_xxaa_timers.c.o
 .rodata.m_board_led_list
                0x00002f30        0x4 _build/nrf52832_xxaa_boards.c.o
 .rodata.str1.4
                0x00002f34       0x10 _build/nrf52832_xxaa_main.c.o
                                  0xd (size before relaxing)
 *(.eh_frame*)
 .eh_frame      0x00002f44        0x0 c:/program files (x86)/gnu tools arm embedded/5.4 2016q3/bin/../lib/gcc/arm-none-eabi/5.4.1/armv7e-m/fpu/crtbegin.o
 .eh_frame      0x00002f44        0x4 c:/program files (x86)/gnu tools arm embedded/5.4 2016q3/bin/../lib/gcc/arm-none-eabi/5.4.1/armv7e-m/fpu/crtend.o

.glue_7         0x00002f48        0x0
 .glue_7        0x00002f48        0x0 linker stubs

.glue_7t        0x00002f48        0x0
 .glue_7t       0x00002f48        0x0 linker stubs

.vfp11_veneer   0x00002f48        0x0
 .vfp11_veneer  0x00002f48        0x0 linker stubs

.v4_bx          0x00002f48        0x0
 .v4_bx         0x00002f48        0x0 linker stubs

.iplt           0x00002f48        0x0
 .iplt          0x00002f48        0x0 c:/program files (x86)/gnu tools arm embedded/5.4 2016q3/bin/../lib/gcc/arm-none-eabi/5.4.1/armv7e-m/fpu/crtbegin.o

.ARM.extab
 *(.ARM.extab* .gnu.linkonce.armextab.*)
                0x00002f48                __exidx_start = .

.ARM.exidx      0x00002f48        0x8
 *(.ARM.exidx* .gnu.linkonce.armexidx.*)
 .ARM.exidx     0x00002f48        0x8 c:/program files (x86)/gnu tools arm embedded/5.4 2016q3/bin/../lib/gcc/arm-none-eabi/5.4.1/../../../../arm-none-eabi/lib/armv7e-m/fpu/crt0.o
                0x00002f50                __exidx_end = .
                0x00002f50                __etext = .

.rel.dyn        0x00002f50        0x0
 .rel.iplt      0x00002f50        0x0 c:/program files (x86)/gnu tools arm embedded/5.4 2016q3/bin/../lib/gcc/arm-none-eabi/5.4.1/armv7e-m/fpu/crtbegin.o

.data           0x20000000       0x74 load address 0x00002f50
                0x20000000                __data_start__ = .
 *(vtable)
 *(.data*)
 .data.impure_data
                0x20000000       0x60 c:/program files (x86)/gnu tools arm embedded/5.4 2016q3/bin/../lib/gcc/arm-none-eabi/5.4.1/../../../../arm-none-eabi/lib/armv7e-m/fpu\libc_nano.a(lib_a-impure.o)
 .data.xNextTaskUnblockTime
                0x20000060        0x4 _build/nrf52832_xxaa_tasks.c.o
 .data.SystemCoreClock
                0x20000064        0x4 _build/nrf52832_xxaa_system_nrf52.c.o
                0x20000064                SystemCoreClock
                0x20000068                . = ALIGN (0x4)
                0x20000068                PROVIDE (__preinit_array_start, .)
 *(.preinit_array)
                0x20000068                PROVIDE (__preinit_array_end, .)
                0x20000068                . = ALIGN (0x4)
                0x20000068                PROVIDE (__init_array_start, .)
 *(SORT(.init_array.*))
 *(.init_array)
 .init_array    0x20000068        0x4 c:/program files (x86)/gnu tools arm embedded/5.4 2016q3/bin/../lib/gcc/arm-none-eabi/5.4.1/armv7e-m/fpu/crtbegin.o
                0x2000006c                PROVIDE (__init_array_end, .)
                0x2000006c                . = ALIGN (0x4)
                [!provide]                PROVIDE (__fini_array_start, .)
 *(SORT(.fini_array.*))
 *(.fini_array)
 .fini_array    0x2000006c        0x4 c:/program files (x86)/gnu tools arm embedded/5.4 2016q3/bin/../lib/gcc/arm-none-eabi/5.4.1/armv7e-m/fpu/crtbegin.o
                [!provide]                PROVIDE (__fini_array_end, .)
 *(.jcr*)
 .jcr           0x20000070        0x0 c:/program files (x86)/gnu tools arm embedded/5.4 2016q3/bin/../lib/gcc/arm-none-eabi/5.4.1/armv7e-m/fpu/crtbegin.o
 .jcr           0x20000070        0x4 c:/program files (x86)/gnu tools arm embedded/5.4 2016q3/bin/../lib/gcc/arm-none-eabi/5.4.1/armv7e-m/fpu/crtend.o
                0x20000074                . = ALIGN (0x4)
                0x20000074                __data_end__ = .
LOAD c:/program files (x86)/gnu tools arm embedded/5.4 2016q3/bin/../lib/gcc/arm-none-eabi/5.4.1/armv7e-m/fpu/crti.o
LOAD c:/program files (x86)/gnu tools arm embedded/5.4 2016q3/bin/../lib/gcc/arm-none-eabi/5.4.1/armv7e-m/fpu/crtbegin.o
LOAD c:/program files (x86)/gnu tools arm embedded/5.4 2016q3/bin/../lib/gcc/arm-none-eabi/5.4.1/../../../../arm-none-eabi/lib/armv7e-m/fpu/crt0.o
LOAD c:/program files (x86)/gnu tools arm embedded/5.4 2016q3/bin/../lib/gcc/arm-none-eabi/5.4.1/../../../../arm-none-eabi/lib/armv7e-m/fpu\libc_nano.a
LOAD c:/program files (x86)/gnu tools arm embedded/5.4 2016q3/bin/../lib/gcc/arm-none-eabi/5.4.1/../../../../arm-none-eabi/lib/armv7e-m/fpu\libnosys.a
LOAD _build/nrf52832_xxaa_nrf_log_backend_serial.c.o
LOAD _build/nrf52832_xxaa_nrf_log_frontend.c.o
LOAD _build/nrf52832_xxaa_app_button.c.o
LOAD _build/nrf52832_xxaa_app_error.c.o
LOAD _build/nrf52832_xxaa_app_error_weak.c.o
LOAD _build/nrf52832_xxaa_app_timer_freertos.c.o
LOAD _build/nrf52832_xxaa_app_util_platform.c.o
LOAD _build/nrf52832_xxaa_nrf_assert.c.o
LOAD _build/nrf52832_xxaa_sdk_errors.c.o
LOAD _build/nrf52832_xxaa_croutine.c.o
LOAD _build/nrf52832_xxaa_event_groups.c.o
LOAD _build/nrf52832_xxaa_heap_1.c.o
LOAD _build/nrf52832_xxaa_list.c.o
LOAD _build/nrf52832_xxaa_port.c.o
LOAD _build/nrf52832_xxaa_port_cmsis.c.o
LOAD _build/nrf52832_xxaa_port_cmsis_systick.c.o
LOAD _build/nrf52832_xxaa_queue.c.o
LOAD _build/nrf52832_xxaa_tasks.c.o
LOAD _build/nrf52832_xxaa_timers.c.o
LOAD _build/nrf52832_xxaa_boards.c.o
LOAD _build/nrf52832_xxaa_nrf_drv_clock.c.o
LOAD _build/nrf52832_xxaa_nrf_drv_common.c.o
LOAD _build/nrf52832_xxaa_nrf_drv_gpiote.c.o
LOAD _build/nrf52832_xxaa_nrf_drv_uart.c.o
LOAD _build/nrf52832_xxaa_nrf_nvic.c.o
LOAD _build/nrf52832_xxaa_nrf_soc.c.o
LOAD _build/nrf52832_xxaa_bsp.c.o
LOAD _build/nrf52832_xxaa_bsp_nfc.c.o
LOAD _build/nrf52832_xxaa_main.c.o
LOAD _build/nrf52832_xxaa_RTT_Syscalls_GCC.c.o
LOAD _build/nrf52832_xxaa_SEGGER_RTT.c.o
LOAD _build/nrf52832_xxaa_SEGGER_RTT_printf.c.o
LOAD _build/nrf52832_xxaa_gcc_startup_nrf52.S.o
LOAD _build/nrf52832_xxaa_system_nrf52.c.o
LOAD c:/program files (x86)/gnu tools arm embedded/5.4 2016q3/bin/../lib/gcc/arm-none-eabi/5.4.1/../../../../arm-none-eabi/lib/armv7e-m/fpu\libm.a
START GROUP
LOAD c:/program files (x86)/gnu tools arm embedded/5.4 2016q3/bin/../lib/gcc/arm-none-eabi/5.4.1/armv7e-m/fpu\libgcc.a
LOAD c:/program files (x86)/gnu tools arm embedded/5.4 2016q3/bin/../lib/gcc/arm-none-eabi/5.4.1/../../../../arm-none-eabi/lib/armv7e-m/fpu\libc_nano.a
END GROUP
START GROUP
LOAD c:/program files (x86)/gnu tools arm embedded/5.4 2016q3/bin/../lib/gcc/arm-none-eabi/5.4.1/armv7e-m/fpu\libgcc.a
LOAD c:/program files (x86)/gnu tools arm embedded/5.4 2016q3/bin/../lib/gcc/arm-none-eabi/5.4.1/../../../../arm-none-eabi/lib/armv7e-m/fpu\libc_nano.a
END GROUP
LOAD c:/program files (x86)/gnu tools arm embedded/5.4 2016q3/bin/../lib/gcc/arm-none-eabi/5.4.1/armv7e-m/fpu/crtend.o
LOAD c:/program files (x86)/gnu tools arm embedded/5.4 2016q3/bin/../lib/gcc/arm-none-eabi/5.4.1/armv7e-m/fpu/crtn.o
START GROUP
LOAD c:/program files (x86)/gnu tools arm embedded/5.4 2016q3/bin/../lib/gcc/arm-none-eabi/5.4.1/armv7e-m/fpu\libgcc.a
LOAD c:/program files (x86)/gnu tools arm embedded/5.4 2016q3/bin/../lib/gcc/arm-none-eabi/5.4.1/../../../../arm-none-eabi/lib/armv7e-m/fpu\libc.a
LOAD c:/program files (x86)/gnu tools arm embedded/5.4 2016q3/bin/../lib/gcc/arm-none-eabi/5.4.1/../../../../arm-none-eabi/lib/armv7e-m/fpu\libnosys.a
END GROUP

.igot.plt       0x20000074        0x0 load address 0x00002fc4
 .igot.plt      0x20000074        0x0 c:/program files (x86)/gnu tools arm embedded/5.4 2016q3/bin/../lib/gcc/arm-none-eabi/5.4.1/armv7e-m/fpu/crtbegin.o

.fs_data        0x20000074        0x0
                [!provide]                PROVIDE (__start_fs_data, .)
 *(.fs_data)
                [!provide]                PROVIDE (__stop_fs_data, .)

.pwr_mgmt_data  0x20000074        0x0
                [!provide]                PROVIDE (__start_pwr_mgmt_data, .)
 *(.pwr_mgmt_data)
                [!provide]                PROVIDE (__stop_pwr_mgmt_data, .)

.bss            0x20000074     0x11e4 load address 0x00002fc4
                0x20000074                . = ALIGN (0x4)
                0x20000074                __bss_start__ = .
 *(.bss*)
 .bss           0x20000074       0x1c c:/program files (x86)/gnu tools arm embedded/5.4 2016q3/bin/../lib/gcc/arm-none-eabi/5.4.1/armv7e-m/fpu/crtbegin.o
 .bss.m_in_critical_region
                0x20000090        0x4 _build/nrf52832_xxaa_app_util_platform.c.o
 .bss.xNextFreeByte
                0x20000094        0x4 _build/nrf52832_xxaa_heap_1.c.o
 .bss.pucAlignedHeap.7129
                0x20000098        0x4 _build/nrf52832_xxaa_heap_1.c.o
 .bss.ucHeap    0x2000009c     0x1000 _build/nrf52832_xxaa_heap_1.c.o
 .bss.uxCriticalNesting
                0x2000109c        0x4 _build/nrf52832_xxaa_port_cmsis.c.o
 .bss.xNumOfOverflows
                0x200010a0        0x4 _build/nrf52832_xxaa_tasks.c.o
 .bss.pxDelayedTaskList
                0x200010a4        0x4 _build/nrf52832_xxaa_tasks.c.o
 .bss.xSchedulerRunning
                0x200010a8        0x4 _build/nrf52832_xxaa_tasks.c.o
 .bss.uxTasksDeleted
                0x200010ac        0x4 _build/nrf52832_xxaa_tasks.c.o
 .bss.xTasksWaitingTermination
                0x200010b0       0x14 _build/nrf52832_xxaa_tasks.c.o
 .bss.xSuspendedTaskList
                0x200010c4       0x14 _build/nrf52832_xxaa_tasks.c.o
 .bss.pxReadyTasksLists
                0x200010d8       0x3c _build/nrf52832_xxaa_tasks.c.o
 .bss.uxSchedulerSuspended
                0x20001114        0x4 _build/nrf52832_xxaa_tasks.c.o
 .bss.pxCurrentTCB
                0x20001118        0x4 _build/nrf52832_xxaa_tasks.c.o
                0x20001118                pxCurrentTCB
 .bss.xPendingReadyList
                0x2000111c       0x14 _build/nrf52832_xxaa_tasks.c.o
 .bss.xIdleTaskHandle
                0x20001130        0x4 _build/nrf52832_xxaa_tasks.c.o
 .bss.xTickCount
                0x20001134        0x4 _build/nrf52832_xxaa_tasks.c.o
 .bss.pxOverflowDelayedTaskList
                0x20001138        0x4 _build/nrf52832_xxaa_tasks.c.o
 .bss.uxTaskNumber
                0x2000113c        0x4 _build/nrf52832_xxaa_tasks.c.o
 .bss.xDelayedTaskList1
                0x20001140       0x14 _build/nrf52832_xxaa_tasks.c.o
 .bss.xDelayedTaskList2
                0x20001154       0x14 _build/nrf52832_xxaa_tasks.c.o
 .bss.uxPendedTicks
                0x20001168        0x4 _build/nrf52832_xxaa_tasks.c.o
 .bss.uxCurrentNumberOfTasks
                0x2000116c        0x4 _build/nrf52832_xxaa_tasks.c.o
 .bss.uxTopReadyPriority
                0x20001170        0x4 _build/nrf52832_xxaa_tasks.c.o
 .bss.xYieldPending
                0x20001174        0x4 _build/nrf52832_xxaa_tasks.c.o
 .bss.pxCurrentTimerList
                0x20001178        0x4 _build/nrf52832_xxaa_timers.c.o
 .bss.xActiveTimerList1
                0x2000117c       0x14 _build/nrf52832_xxaa_timers.c.o
 .bss.xActiveTimerList2
                0x20001190       0x14 _build/nrf52832_xxaa_timers.c.o
 .bss.xTimerQueue
                0x200011a4        0x4 _build/nrf52832_xxaa_timers.c.o
 .bss.xLastTime.7385
                0x200011a8        0x4 _build/nrf52832_xxaa_timers.c.o
 .bss.pxOverflowTimerList
                0x200011ac        0x4 _build/nrf52832_xxaa_timers.c.o
 .bss.xTimerTaskHandle
                0x200011b0        0x4 _build/nrf52832_xxaa_timers.c.o
 .bss.m_clock_cb
                0x200011b4       0x14 _build/nrf52832_xxaa_nrf_drv_clock.c.o
 .bss.m_cb      0x200011c8       0x58 _build/nrf52832_xxaa_nrf_drv_gpiote.c.o
 .bss.m_cb      0x20001220       0x20 _build/nrf52832_xxaa_nrf_drv_uart.c.o
 *(COMMON)
 COMMON         0x20001240       0x10 _build/nrf52832_xxaa_queue.c.o
                0x20001240                xQueueRegistry
 COMMON         0x20001250        0x8 _build/nrf52832_xxaa_main.c.o
                0x20001250                led_toggle_timer_handle
                0x20001254                led_toggle_task_handle
                0x20001258                . = ALIGN (0x4)
                0x20001258                __bss_end__ = .

.heap           0x20001258     0x2000
                0x20001258                __HeapBase = .
                0x20001258                __end__ = .
                [!provide]                PROVIDE (end, .)
 *(.heap*)
 .heap          0x20001258     0x2000 _build/nrf52832_xxaa_gcc_startup_nrf52.S.o
                0x20003258                __HeapLimit = .

.stack_dummy    0x20001258     0x2000
 *(.stack*)
 .stack         0x20001258     0x2000 _build/nrf52832_xxaa_gcc_startup_nrf52.S.o
                0x20010000                __StackTop = (ORIGIN (RAM) + LENGTH (RAM))
                0x2000e000                __StackLimit = (__StackTop - SIZEOF (.stack_dummy))
                0x20010000                PROVIDE (__stack, __StackTop)
                0x00000001                ASSERT ((__StackLimit >= __HeapLimit), region RAM overflowed with stack)
OUTPUT(_build/nrf52832_xxaa.out elf32-littlearm)

.ARM.attributes
                0x00000000       0x30
 .ARM.attributes
                0x00000000       0x22 c:/program files (x86)/gnu tools arm embedded/5.4 2016q3/bin/../lib/gcc/arm-none-eabi/5.4.1/armv7e-m/fpu/crti.o
 .ARM.attributes
                0x00000022       0x34 c:/program files (x86)/gnu tools arm embedded/5.4 2016q3/bin/../lib/gcc/arm-none-eabi/5.4.1/armv7e-m/fpu/crtbegin.o
 .ARM.attributes
                0x00000056       0x20 c:/program files (x86)/gnu tools arm embedded/5.4 2016q3/bin/../lib/gcc/arm-none-eabi/5.4.1/../../../../arm-none-eabi/lib/armv7e-m/fpu/crt0.o
 .ARM.attributes
                0x00000076       0x34 c:/program files (x86)/gnu tools arm embedded/5.4 2016q3/bin/../lib/gcc/arm-none-eabi/5.4.1/../../../../arm-none-eabi/lib/armv7e-m/fpu\libc_nano.a(lib_a-exit.o)
 .ARM.attributes
                0x000000aa       0x34 c:/program files (x86)/gnu tools arm embedded/5.4 2016q3/bin/../lib/gcc/arm-none-eabi/5.4.1/../../../../arm-none-eabi/lib/armv7e-m/fpu\libc_nano.a(lib_a-impure.o)
 .ARM.attributes
                0x000000de       0x34 c:/program files (x86)/gnu tools arm embedded/5.4 2016q3/bin/../lib/gcc/arm-none-eabi/5.4.1/../../../../arm-none-eabi/lib/armv7e-m/fpu\libc_nano.a(lib_a-init.o)
 .ARM.attributes
                0x00000112       0x34 c:/program files (x86)/gnu tools arm embedded/5.4 2016q3/bin/../lib/gcc/arm-none-eabi/5.4.1/../../../../arm-none-eabi/lib/armv7e-m/fpu\libc_nano.a(lib_a-memset.o)
 .ARM.attributes
                0x00000146       0x34 c:/program files (x86)/gnu tools arm embedded/5.4 2016q3/bin/../lib/gcc/arm-none-eabi/5.4.1/../../../../arm-none-eabi/lib/armv7e-m/fpu\libnosys.a(_exit.o)
 .ARM.attributes
                0x0000017a       0x39 _build/nrf52832_xxaa_app_error.c.o
 .ARM.attributes
                0x000001b3       0x39 _build/nrf52832_xxaa_app_error_weak.c.o
 .ARM.attributes
                0x000001ec       0x39 _build/nrf52832_xxaa_app_util_platform.c.o
 .ARM.attributes
                0x00000225       0x39 _build/nrf52832_xxaa_heap_1.c.o
 .ARM.attributes
                0x0000025e       0x39 _build/nrf52832_xxaa_list.c.o
 .ARM.attributes
                0x00000297       0x39 _build/nrf52832_xxaa_port.c.o
 .ARM.attributes
                0x000002d0       0x39 _build/nrf52832_xxaa_port_cmsis.c.o
 .ARM.attributes
                0x00000309       0x39 _build/nrf52832_xxaa_port_cmsis_systick.c.o
 .ARM.attributes
                0x00000342       0x39 _build/nrf52832_xxaa_queue.c.o
 .ARM.attributes
                0x0000037b       0x39 _build/nrf52832_xxaa_tasks.c.o
 .ARM.attributes
                0x000003b4       0x39 _build/nrf52832_xxaa_timers.c.o
 .ARM.attributes
                0x000003ed       0x39 _build/nrf52832_xxaa_boards.c.o
 .ARM.attributes
                0x00000426       0x39 _build/nrf52832_xxaa_nrf_drv_clock.c.o
 .ARM.attributes
                0x0000045f       0x39 _build/nrf52832_xxaa_nrf_drv_common.c.o
 .ARM.attributes
                0x00000498       0x39 _build/nrf52832_xxaa_nrf_drv_gpiote.c.o
 .ARM.attributes
                0x000004d1       0x39 _build/nrf52832_xxaa_nrf_drv_uart.c.o
 .ARM.attributes
                0x0000050a       0x39 _build/nrf52832_xxaa_main.c.o
 .ARM.attributes
                0x00000543       0x1c _build/nrf52832_xxaa_gcc_startup_nrf52.S.o
 .ARM.attributes
                0x0000055f       0x39 _build/nrf52832_xxaa_system_nrf52.c.o
 .ARM.attributes
                0x00000598       0x34 c:/program files (x86)/gnu tools arm embedded/5.4 2016q3/bin/../lib/gcc/arm-none-eabi/5.4.1/../../../../arm-none-eabi/lib/armv7e-m/fpu\libc_nano.a(lib_a-memcpy-stub.o)
 .ARM.attributes
                0x000005cc       0x34 c:/program files (x86)/gnu tools arm embedded/5.4 2016q3/bin/../lib/gcc/arm-none-eabi/5.4.1/armv7e-m/fpu/crtend.o
 .ARM.attributes
                0x00000600       0x22 c:/program files (x86)/gnu tools arm embedded/5.4 2016q3/bin/../lib/gcc/arm-none-eabi/5.4.1/armv7e-m/fpu/crtn.o

.comment        0x00000000       0x6e
 .comment       0x00000000       0x6e _build/nrf52832_xxaa_app_error.c.o
                                 0x6f (size before relaxing)
 .comment       0x0000006e       0x6f _build/nrf52832_xxaa_app_error_weak.c.o
 .comment       0x0000006e       0x6f _build/nrf52832_xxaa_app_util_platform.c.o
 .comment       0x0000006e       0x6f _build/nrf52832_xxaa_heap_1.c.o
 .comment       0x0000006e       0x6f _build/nrf52832_xxaa_list.c.o
 .comment       0x0000006e       0x6f _build/nrf52832_xxaa_port.c.o
 .comment       0x0000006e       0x6f _build/nrf52832_xxaa_port_cmsis.c.o
 .comment       0x0000006e       0x6f _build/nrf52832_xxaa_port_cmsis_systick.c.o
 .comment       0x0000006e       0x6f _build/nrf52832_xxaa_queue.c.o
 .comment       0x0000006e       0x6f _build/nrf52832_xxaa_tasks.c.o
 .comment       0x0000006e       0x6f _build/nrf52832_xxaa_timers.c.o
 .comment       0x0000006e       0x6f _build/nrf52832_xxaa_boards.c.o
 .comment       0x0000006e       0x6f _build/nrf52832_xxaa_nrf_drv_clock.c.o
 .comment       0x0000006e       0x6f _build/nrf52832_xxaa_nrf_drv_common.c.o
 .comment       0x0000006e       0x6f _build/nrf52832_xxaa_nrf_drv_gpiote.c.o
 .comment       0x0000006e       0x6f _build/nrf52832_xxaa_nrf_drv_uart.c.o
 .comment       0x0000006e       0x6f _build/nrf52832_xxaa_main.c.o
 .comment       0x0000006e       0x6f _build/nrf52832_xxaa_system_nrf52.c.o

.debug_frame    0x00000000     0x1400
 .debug_frame   0x00000000       0x28 c:/program files (x86)/gnu tools arm embedded/5.4 2016q3/bin/../lib/gcc/arm-none-eabi/5.4.1/../../../../arm-none-eabi/lib/armv7e-m/fpu\libc_nano.a(lib_a-exit.o)
 .debug_frame   0x00000028       0x2c c:/program files (x86)/gnu tools arm embedded/5.4 2016q3/bin/../lib/gcc/arm-none-eabi/5.4.1/../../../../arm-none-eabi/lib/armv7e-m/fpu\libc_nano.a(lib_a-init.o)
 .debug_frame   0x00000054       0x20 c:/program files (x86)/gnu tools arm embedded/5.4 2016q3/bin/../lib/gcc/arm-none-eabi/5.4.1/../../../../arm-none-eabi/lib/armv7e-m/fpu\libc_nano.a(lib_a-memset.o)
 .debug_frame   0x00000074       0x20 c:/program files (x86)/gnu tools arm embedded/5.4 2016q3/bin/../lib/gcc/arm-none-eabi/5.4.1/../../../../arm-none-eabi/lib/armv7e-m/fpu\libnosys.a(_exit.o)
 .debug_frame   0x00000094       0x70 _build/nrf52832_xxaa_app_error.c.o
 .debug_frame   0x00000104       0x20 _build/nrf52832_xxaa_app_error_weak.c.o
 .debug_frame   0x00000124       0x50 _build/nrf52832_xxaa_app_util_platform.c.o
 .debug_frame   0x00000174       0x5c _build/nrf52832_xxaa_heap_1.c.o
 .debug_frame   0x000001d0       0x70 _build/nrf52832_xxaa_list.c.o
 .debug_frame   0x00000240       0x40 _build/nrf52832_xxaa_port.c.o
 .debug_frame   0x00000280       0x84 _build/nrf52832_xxaa_port_cmsis.c.o
 .debug_frame   0x00000304       0x70 _build/nrf52832_xxaa_port_cmsis_systick.c.o
 .debug_frame   0x00000374      0x278 _build/nrf52832_xxaa_queue.c.o
 .debug_frame   0x000005ec      0x548 _build/nrf52832_xxaa_tasks.c.o
 .debug_frame   0x00000b34      0x17c _build/nrf52832_xxaa_timers.c.o
 .debug_frame   0x00000cb0      0x104 _build/nrf52832_xxaa_boards.c.o
 .debug_frame   0x00000db4      0x140 _build/nrf52832_xxaa_nrf_drv_clock.c.o
 .debug_frame   0x00000ef4       0x3c _build/nrf52832_xxaa_nrf_drv_common.c.o
 .debug_frame   0x00000f30      0x25c _build/nrf52832_xxaa_nrf_drv_gpiote.c.o
 .debug_frame   0x0000118c      0x1b0 _build/nrf52832_xxaa_nrf_drv_uart.c.o
 .debug_frame   0x0000133c       0x54 _build/nrf52832_xxaa_main.c.o
 .debug_frame   0x00001390       0x48 _build/nrf52832_xxaa_system_nrf52.c.o
 .debug_frame   0x000013d8       0x28 c:/program files (x86)/gnu tools arm embedded/5.4 2016q3/bin/../lib/gcc/arm-none-eabi/5.4.1/../../../../arm-none-eabi/lib/armv7e-m/fpu\libc_nano.a(lib_a-memcpy-stub.o)

.debug_info     0x00000000    0x12280
 .debug_info    0x00000000      0x34f _build/nrf52832_xxaa_app_error.c.o
 .debug_info    0x0000034f      0x331 _build/nrf52832_xxaa_app_error_weak.c.o
 .debug_info    0x00000680      0x201 _build/nrf52832_xxaa_app_util_platform.c.o
 .debug_info    0x00000881      0x1f1 _build/nrf52832_xxaa_heap_1.c.o
 .debug_info    0x00000a72      0x2df _build/nrf52832_xxaa_list.c.o
 .debug_info    0x00000d51      0x104 _build/nrf52832_xxaa_port.c.o
 .debug_info    0x00000e55      0x86f _build/nrf52832_xxaa_port_cmsis.c.o
 .debug_info    0x000016c4      0xe1e _build/nrf52832_xxaa_port_cmsis_systick.c.o
 .debug_info    0x000024e2     0x1c24 _build/nrf52832_xxaa_queue.c.o
 .debug_info    0x00004106     0x2b6e _build/nrf52832_xxaa_tasks.c.o
 .debug_info    0x00006c74     0x153c _build/nrf52832_xxaa_timers.c.o
 .debug_info    0x000081b0      0xbf8 _build/nrf52832_xxaa_boards.c.o
 .debug_info    0x00008da8     0x1151 _build/nrf52832_xxaa_nrf_drv_clock.c.o
 .debug_info    0x00009ef9      0x678 _build/nrf52832_xxaa_nrf_drv_common.c.o
 .debug_info    0x0000a571     0x2736 _build/nrf52832_xxaa_nrf_drv_gpiote.c.o
 .debug_info    0x0000cca7     0x42d7 _build/nrf52832_xxaa_nrf_drv_uart.c.o
 .debug_info    0x00010f7e      0x4fc _build/nrf52832_xxaa_main.c.o
 .debug_info    0x0001147a      0xe06 _build/nrf52832_xxaa_system_nrf52.c.o

.debug_abbrev   0x00000000     0x2ad6
 .debug_abbrev  0x00000000      0x13a _build/nrf52832_xxaa_app_error.c.o
 .debug_abbrev  0x0000013a      0x13a _build/nrf52832_xxaa_app_error_weak.c.o
 .debug_abbrev  0x00000274       0xfb _build/nrf52832_xxaa_app_util_platform.c.o
 .debug_abbrev  0x0000036f      0x145 _build/nrf52832_xxaa_heap_1.c.o
 .debug_abbrev  0x000004b4      0x10a _build/nrf52832_xxaa_list.c.o
 .debug_abbrev  0x000005be       0x7b _build/nrf52832_xxaa_port.c.o
 .debug_abbrev  0x00000639      0x2d5 _build/nrf52832_xxaa_port_cmsis.c.o
 .debug_abbrev  0x0000090e      0x2f5 _build/nrf52832_xxaa_port_cmsis_systick.c.o
 .debug_abbrev  0x00000c03      0x34e _build/nrf52832_xxaa_queue.c.o
 .debug_abbrev  0x00000f51      0x40e _build/nrf52832_xxaa_tasks.c.o
 .debug_abbrev  0x0000135f      0x36e _build/nrf52832_xxaa_timers.c.o
 .debug_abbrev  0x000016cd      0x269 _build/nrf52832_xxaa_boards.c.o
 .debug_abbrev  0x00001936      0x409 _build/nrf52832_xxaa_nrf_drv_clock.c.o
 .debug_abbrev  0x00001d3f      0x1ba _build/nrf52832_xxaa_nrf_drv_common.c.o
 .debug_abbrev  0x00001ef9      0x44a _build/nrf52832_xxaa_nrf_drv_gpiote.c.o
 .debug_abbrev  0x00002343      0x408 _build/nrf52832_xxaa_nrf_drv_uart.c.o
 .debug_abbrev  0x0000274b      0x1a4 _build/nrf52832_xxaa_main.c.o
 .debug_abbrev  0x000028ef      0x1e7 _build/nrf52832_xxaa_system_nrf52.c.o

.debug_loc      0x00000000     0xa050
 .debug_loc     0x00000000      0x145 _build/nrf52832_xxaa_app_error.c.o
 .debug_loc     0x00000145       0x42 _build/nrf52832_xxaa_app_error_weak.c.o
 .debug_loc     0x00000187       0xae _build/nrf52832_xxaa_heap_1.c.o
 .debug_loc     0x00000235       0x70 _build/nrf52832_xxaa_list.c.o
 .debug_loc     0x000002a5       0xa5 _build/nrf52832_xxaa_port_cmsis.c.o
 .debug_loc     0x0000034a      0x4d3 _build/nrf52832_xxaa_port_cmsis_systick.c.o
 .debug_loc     0x0000081d     0x128a _build/nrf52832_xxaa_queue.c.o
 .debug_loc     0x00001aa7     0x1e4e _build/nrf52832_xxaa_tasks.c.o
 .debug_loc     0x000038f5      0xeb6 _build/nrf52832_xxaa_timers.c.o
 .debug_loc     0x000047ab      0x885 _build/nrf52832_xxaa_boards.c.o
 .debug_loc     0x00005030      0x404 _build/nrf52832_xxaa_nrf_drv_clock.c.o
 .debug_loc     0x00005434       0xea _build/nrf52832_xxaa_nrf_drv_common.c.o
 .debug_loc     0x0000551e     0x2403 _build/nrf52832_xxaa_nrf_drv_gpiote.c.o
 .debug_loc     0x00007921     0x26cf _build/nrf52832_xxaa_nrf_drv_uart.c.o
 .debug_loc     0x00009ff0       0x60 _build/nrf52832_xxaa_main.c.o

.debug_aranges  0x00000000      0x718
 .debug_aranges
                0x00000000       0x30 _build/nrf52832_xxaa_app_error.c.o
 .debug_aranges
                0x00000030       0x20 _build/nrf52832_xxaa_app_error_weak.c.o
 .debug_aranges
                0x00000050       0x38 _build/nrf52832_xxaa_app_util_platform.c.o
 .debug_aranges
                0x00000088       0x38 _build/nrf52832_xxaa_heap_1.c.o
 .debug_aranges
                0x000000c0       0x40 _build/nrf52832_xxaa_list.c.o
 .debug_aranges
                0x00000100       0x30 _build/nrf52832_xxaa_port.c.o
 .debug_aranges
                0x00000130       0x48 _build/nrf52832_xxaa_port_cmsis.c.o
 .debug_aranges
                0x00000178       0x30 _build/nrf52832_xxaa_port_cmsis_systick.c.o
 .debug_aranges
                0x000001a8       0xc0 _build/nrf52832_xxaa_queue.c.o
 .debug_aranges
                0x00000268      0x178 _build/nrf52832_xxaa_tasks.c.o
 .debug_aranges
                0x000003e0       0x70 _build/nrf52832_xxaa_timers.c.o
 .debug_aranges
                0x00000450       0x80 _build/nrf52832_xxaa_boards.c.o
 .debug_aranges
                0x000004d0       0x80 _build/nrf52832_xxaa_nrf_drv_clock.c.o
 .debug_aranges
                0x00000550       0x28 _build/nrf52832_xxaa_nrf_drv_common.c.o
 .debug_aranges
                0x00000578       0xd8 _build/nrf52832_xxaa_nrf_drv_gpiote.c.o
 .debug_aranges
                0x00000650       0x70 _build/nrf52832_xxaa_nrf_drv_uart.c.o
 .debug_aranges
                0x000006c0       0x30 _build/nrf52832_xxaa_main.c.o
 .debug_aranges
                0x000006f0       0x28 _build/nrf52832_xxaa_system_nrf52.c.o

.debug_ranges   0x00000000     0x2530
 .debug_ranges  0x00000000       0x20 _build/nrf52832_xxaa_app_error.c.o
 .debug_ranges  0x00000020       0x10 _build/nrf52832_xxaa_app_error_weak.c.o
 .debug_ranges  0x00000030       0x28 _build/nrf52832_xxaa_app_util_platform.c.o
 .debug_ranges  0x00000058       0x28 _build/nrf52832_xxaa_heap_1.c.o
 .debug_ranges  0x00000080       0x30 _build/nrf52832_xxaa_list.c.o
 .debug_ranges  0x000000b0       0x20 _build/nrf52832_xxaa_port.c.o
 .debug_ranges  0x000000d0       0x50 _build/nrf52832_xxaa_port_cmsis.c.o
 .debug_ranges  0x00000120      0x210 _build/nrf52832_xxaa_port_cmsis_systick.c.o
 .debug_ranges  0x00000330      0x230 _build/nrf52832_xxaa_queue.c.o
 .debug_ranges  0x00000560      0x670 _build/nrf52832_xxaa_tasks.c.o
 .debug_ranges  0x00000bd0      0x230 _build/nrf52832_xxaa_timers.c.o
 .debug_ranges  0x00000e00      0x130 _build/nrf52832_xxaa_boards.c.o
 .debug_ranges  0x00000f30      0x2b8 _build/nrf52832_xxaa_nrf_drv_clock.c.o
 .debug_ranges  0x000011e8       0x38 _build/nrf52832_xxaa_nrf_drv_common.c.o
 .debug_ranges  0x00001220      0xa18 _build/nrf52832_xxaa_nrf_drv_gpiote.c.o
 .debug_ranges  0x00001c38      0x7b8 _build/nrf52832_xxaa_nrf_drv_uart.c.o
 .debug_ranges  0x000023f0       0x38 _build/nrf52832_xxaa_main.c.o
 .debug_ranges  0x00002428      0x108 _build/nrf52832_xxaa_system_nrf52.c.o

.debug_macro    0x00000000     0x4179
 .debug_macro   0x00000000      0x29b _build/nrf52832_xxaa_app_error.c.o
 .debug_macro   0x0000029b       0x35 _build/nrf52832_xxaa_app_error.c.o
 .debug_macro   0x000002d0       0x22 _build/nrf52832_xxaa_app_error.c.o
 .debug_macro   0x000002f2       0x16 _build/nrf52832_xxaa_app_error.c.o
 .debug_macro   0x00000308       0x97 _build/nrf52832_xxaa_app_error.c.o
 .debug_macro   0x0000039f       0xf6 _build/nrf52832_xxaa_app_error.c.o
 .debug_macro   0x00000495       0x22 _build/nrf52832_xxaa_app_error.c.o
 .debug_macro   0x000004b7       0x16 _build/nrf52832_xxaa_app_error.c.o
 .debug_macro   0x000004cd      0x39a _build/nrf52832_xxaa_app_error.c.o
 .debug_macro   0x00000867      0x16c _build/nrf52832_xxaa_app_error.c.o
 .debug_macro   0x000009d3       0x59 _build/nrf52832_xxaa_app_error.c.o
 .debug_macro   0x00000a2c       0x28 _build/nrf52832_xxaa_app_error.c.o
 .debug_macro   0x00000a54       0x22 _build/nrf52832_xxaa_app_error.c.o
 .debug_macro   0x00000a76      0x29b _build/nrf52832_xxaa_app_error_weak.c.o
 .debug_macro   0x00000d11       0x1c _build/nrf52832_xxaa_app_error_weak.c.o
 .debug_macro   0x00000d2d      0x23a _build/nrf52832_xxaa_app_util_platform.c.o
 .debug_macro   0x00000f67       0x74 _build/nrf52832_xxaa_app_util_platform.c.o
 .debug_macro   0x00000fdb      0x2ec _build/nrf52832_xxaa_heap_1.c.o
 .debug_macro   0x000012c7      0x2cb _build/nrf52832_xxaa_list.c.o
 .debug_macro   0x00001592      0x2bb _build/nrf52832_xxaa_port.c.o
 .debug_macro   0x0000184d      0x2e5 _build/nrf52832_xxaa_port_cmsis.c.o
 .debug_macro   0x00001b32      0x34a _build/nrf52832_xxaa_port_cmsis_systick.c.o
 .debug_macro   0x00001e7c       0x28 _build/nrf52832_xxaa_port_cmsis_systick.c.o
 .debug_macro   0x00001ea4       0x10 _build/nrf52832_xxaa_port_cmsis_systick.c.o
 .debug_macro   0x00001eb4       0x22 _build/nrf52832_xxaa_port_cmsis_systick.c.o
 .debug_macro   0x00001ed6      0x33d _build/nrf52832_xxaa_queue.c.o
 .debug_macro   0x00002213       0xb0 _build/nrf52832_xxaa_queue.c.o
 .debug_macro   0x000022c3      0x379 _build/nrf52832_xxaa_tasks.c.o
 .debug_macro   0x0000263c       0x16 _build/nrf52832_xxaa_tasks.c.o
 .debug_macro   0x00002652      0x308 _build/nrf52832_xxaa_timers.c.o
 .debug_macro   0x0000295a      0x292 _build/nrf52832_xxaa_boards.c.o
 .debug_macro   0x00002bec      0x24d _build/nrf52832_xxaa_boards.c.o
 .debug_macro   0x00002e39      0x115 _build/nrf52832_xxaa_boards.c.o
 .debug_macro   0x00002f4e      0x322 _build/nrf52832_xxaa_nrf_drv_clock.c.o
 .debug_macro   0x00003270       0x28 _build/nrf52832_xxaa_nrf_drv_clock.c.o
 .debug_macro   0x00003298       0x16 _build/nrf52832_xxaa_nrf_drv_clock.c.o
 .debug_macro   0x000032ae      0x2a4 _build/nrf52832_xxaa_nrf_drv_common.c.o
 .debug_macro   0x00003552      0x386 _build/nrf52832_xxaa_nrf_drv_gpiote.c.o
 .debug_macro   0x000038d8       0x16 _build/nrf52832_xxaa_nrf_drv_gpiote.c.o
 .debug_macro   0x000038ee      0x373 _build/nrf52832_xxaa_nrf_drv_uart.c.o
 .debug_macro   0x00003c61       0x10 _build/nrf52832_xxaa_nrf_drv_uart.c.o
 .debug_macro   0x00003c71       0x42 _build/nrf52832_xxaa_nrf_drv_uart.c.o
 .debug_macro   0x00003cb3      0x3d1 _build/nrf52832_xxaa_main.c.o
 .debug_macro   0x00004084       0xf5 _build/nrf52832_xxaa_system_nrf52.c.o

.debug_line     0x00000000     0xa39f
 .debug_line    0x00000000      0x626 _build/nrf52832_xxaa_app_error.c.o
 .debug_line    0x00000626      0x5ed _build/nrf52832_xxaa_app_error_weak.c.o
 .debug_line    0x00000c13      0x554 _build/nrf52832_xxaa_app_util_platform.c.o
 .debug_line    0x00001167      0x70a _build/nrf52832_xxaa_heap_1.c.o
 .debug_line    0x00001871      0x70b _build/nrf52832_xxaa_list.c.o
 .debug_line    0x00001f7c      0x683 _build/nrf52832_xxaa_port.c.o
 .debug_line    0x000025ff      0x707 _build/nrf52832_xxaa_port_cmsis.c.o
 .debug_line    0x00002d06      0x8ec _build/nrf52832_xxaa_port_cmsis_systick.c.o
 .debug_line    0x000035f2      0xd00 _build/nrf52832_xxaa_queue.c.o
 .debug_line    0x000042f2     0x1248 _build/nrf52832_xxaa_tasks.c.o
 .debug_line    0x0000553a      0x922 _build/nrf52832_xxaa_timers.c.o
 .debug_line    0x00005e5c      0x721 _build/nrf52832_xxaa_boards.c.o
 .debug_line    0x0000657d      0x94d _build/nrf52832_xxaa_nrf_drv_clock.c.o
 .debug_line    0x00006eca      0x62e _build/nrf52832_xxaa_nrf_drv_common.c.o
 .debug_line    0x000074f8     0x1050 _build/nrf52832_xxaa_nrf_drv_gpiote.c.o
 .debug_line    0x00008548     0x1124 _build/nrf52832_xxaa_nrf_drv_uart.c.o
 .debug_line    0x0000966c      0x8b9 _build/nrf52832_xxaa_main.c.o
 .debug_line    0x00009f25      0x47a _build/nrf52832_xxaa_system_nrf52.c.o

.debug_str      0x00000000    0x70b1b
 .debug_str     0x00000000    0x63f36 _build/nrf52832_xxaa_app_error.c.o
                              0x64a55 (size before relaxing)
 .debug_str     0x00063f36       0xd8 _build/nrf52832_xxaa_app_error_weak.c.o
                              0x649de (size before relaxing)
 .debug_str     0x0006400e      0x3a3 _build/nrf52832_xxaa_app_util_platform.c.o
                              0x6003c (size before relaxing)
 .debug_str     0x000643b1     0x32a7 _build/nrf52832_xxaa_heap_1.c.o
                              0x6605e (size before relaxing)
 .debug_str     0x00067658      0x154 _build/nrf52832_xxaa_list.c.o
                              0x65aad (size before relaxing)
 .debug_str     0x000677ac       0x52 _build/nrf52832_xxaa_port.c.o
                              0x65eac (size before relaxing)
 .debug_str     0x000677fe      0x4aa _build/nrf52832_xxaa_port_cmsis.c.o
                              0x66492 (size before relaxing)
 .debug_str     0x00067ca8      0xd96 _build/nrf52832_xxaa_port_cmsis_systick.c.o
                              0x67375 (size before relaxing)
 .debug_str     0x00068a3e     0x11ff _build/nrf52832_xxaa_queue.c.o
                              0x6737e (size before relaxing)
 .debug_str     0x00069c3d     0x1724 _build/nrf52832_xxaa_tasks.c.o
                              0x67b6d (size before relaxing)
 .debug_str     0x0006b361      0x4ad _build/nrf52832_xxaa_timers.c.o
                              0x678f4 (size before relaxing)
 .debug_str     0x0006b80e     0x1427 _build/nrf52832_xxaa_boards.c.o
                              0x61824 (size before relaxing)
 .debug_str     0x0006cc35      0x917 _build/nrf52832_xxaa_nrf_drv_clock.c.o
                              0x65a1c (size before relaxing)
 .debug_str     0x0006d54c       0x81 _build/nrf52832_xxaa_nrf_drv_common.c.o
                              0x63f0d (size before relaxing)
 .debug_str     0x0006d5cd     0x1616 _build/nrf52832_xxaa_nrf_drv_gpiote.c.o
                              0x6711a (size before relaxing)
 .debug_str     0x0006ebe3     0x182c _build/nrf52832_xxaa_nrf_drv_uart.c.o
                              0x6740b (size before relaxing)
 .debug_str     0x0007040f      0x487 _build/nrf52832_xxaa_main.c.o
                              0x686f7 (size before relaxing)
 .debug_str     0x00070896      0x285 _build/nrf52832_xxaa_system_nrf52.c.o
                              0x5ba54 (size before relaxing)
